[     339ms] [INFO] %cDownload the React DevTools for a better development experience: https://react.dev/link/react-devtools font-weight:bold @ http://localhost:3000/_next/static/chunks/node_modules_next_dist_1ybzpk2._.js:2477
[     362ms] [LOG] [HMR] connected @ http://localhost:3000/_next/static/chunks/node_modules_next_dist_1ybzpk2._.js:2477
[     473ms] [ERROR] Failed to load resource: the server responded with a status of 401 (Unauthorized) @ http://localhost:3000/api/auth/me:0
[     473ms] [LOG] [Fast Refresh] rebuilding @ http://localhost:3000/_next/static/chunks/node_modules_next_dist_1ybzpk2._.js:2477
[     533ms] [LOG] [Fast Refresh] done in 161ms @ http://localhost:3000/_next/static/chunks/node_modules_next_dist_1ybzpk2._.js:2477
[     809ms] [LOG] [Fast Refresh] rebuilding @ http://localhost:3000/_next/static/chunks/node_modules_next_dist_1ybzpk2._.js:2477
[     810ms] [LOG] [Fast Refresh] done in 108ms @ http://localhost:3000/_next/static/chunks/node_modules_next_dist_1ybzpk2._.js:2477
[   23675ms] [LOG] [Fast Refresh] rebuilding @ http://localhost:3000/_next/static/chunks/node_modules_next_dist_1ybzpk2._.js:2477
[   23675ms] [LOG] [Fast Refresh] done in 108ms @ http://localhost:3000/_next/static/chunks/node_modules_next_dist_1ybzpk2._.js:2477
[   57860ms] [ERROR] WebSocket connection to 'ws://localhost:3000/_next/webpack-hmr?id=cS--w7PwJi2i-FJrPo7uL' failed: Error in connection establishment: net::ERR_CONNECTION_REFUSED @ http://localhost:3000/_next/static/chunks/node_modules_next_dist_client_0r5nbpw._.js:13422
[   61226ms] [ERROR] WebSocket connection to 'ws://localhost:3000/_next/webpack-hmr?id=cS--w7PwJi2i-FJrPo7uL' failed: Error in connection establishment: net::ERR_CONNECTION_REFUSED @ http://localhost:3000/_next/static/chunks/node_modules_next_dist_client_0r5nbpw._.js:13422
[   64595ms] [ERROR] WebSocket connection to 'ws://localhost:3000/_next/webpack-hmr?id=cS--w7PwJi2i-FJrPo7uL' failed: Error in connection establishment: net::ERR_CONNECTION_REFUSED @ http://localhost:3000/_next/static/chunks/node_modules_next_dist_client_0r5nbpw._.js:13422
[   67944ms] [ERROR] WebSocket connection to 'ws://localhost:3000/_next/webpack-hmr?id=cS--w7PwJi2i-FJrPo7uL' failed: Error in connection establishment: net::ERR_CONNECTION_REFUSED @ http://localhost:3000/_next/static/chunks/node_modules_next_dist_client_0r5nbpw._.js:13422
[   71279ms] [ERROR] WebSocket connection to 'ws://localhost:3000/_next/webpack-hmr?id=cS--w7PwJi2i-FJrPo7uL' failed: Error in connection establishment: net::ERR_CONNECTION_REFUSED @ http://localhost:3000/_next/static/chunks/node_modules_next_dist_client_0r5nbpw._.js:13422
[   78628ms] [ERROR] WebSocket connection to 'ws://localhost:3000/_next/webpack-hmr?id=cS--w7PwJi2i-FJrPo7uL' failed: Error in connection establishment: net::ERR_CONNECTION_REFUSED @ http://localhost:3000/_next/static/chunks/node_modules_next_dist_client_0r5nbpw._.js:13422
[   85978ms] [ERROR] WebSocket connection to 'ws://localhost:3000/_next/webpack-hmr?id=cS--w7PwJi2i-FJrPo7uL' failed: Error in connection establishment: net::ERR_CONNECTION_REFUSED @ http://localhost:3000/_next/static/chunks/node_modules_next_dist_client_0r5nbpw._.js:13422
[   93326ms] [ERROR] WebSocket connection to 'ws://localhost:3000/_next/webpack-hmr?id=cS--w7PwJi2i-FJrPo7uL' failed: Error in connection establishment: net::ERR_CONNECTION_REFUSED @ http://localhost:3000/_next/static/chunks/node_modules_next_dist_client_0r5nbpw._.js:13422
[  100693ms] [ERROR] WebSocket connection to 'ws://localhost:3000/_next/webpack-hmr?id=cS--w7PwJi2i-FJrPo7uL' failed: Error in connection establishment: net::ERR_CONNECTION_REFUSED @ http://localhost:3000/_next/static/chunks/node_modules_next_dist_client_0r5nbpw._.js:13422
[  108058ms] [ERROR] WebSocket connection to 'ws://localhost:3000/_next/webpack-hmr?id=cS--w7PwJi2i-FJrPo7uL' failed: Error in connection establishment: net::ERR_CONNECTION_REFUSED @ http://localhost:3000/_next/static/chunks/node_modules_next_dist_client_0r5nbpw._.js:13422
[  115426ms] [ERROR] WebSocket connection to 'ws://localhost:3000/_next/webpack-hmr?id=cS--w7PwJi2i-FJrPo7uL' failed: Error in connection establishment: net::ERR_CONNECTION_REFUSED @ http://localhost:3000/_next/static/chunks/node_modules_next_dist_client_0r5nbpw._.js:13422
[  122792ms] [ERROR] WebSocket connection to 'ws://localhost:3000/_next/webpack-hmr?id=cS--w7PwJi2i-FJrPo7uL' failed: Error in connection establishment: net::ERR_CONNECTION_REFUSED @ http://localhost:3000/_next/static/chunks/node_modules_next_dist_client_0r5nbpw._.js:13422
